// Jest Snapshot v1, https://goo.gl/fbAQLP

exports[`test checkboxt  renders without crashing 1`] = `ShallowWrapper {}`;
