// Jest Snapshot v1, https://goo.gl/fbAQLP

exports[`test text Input  click close button 1`] = `ShallowWrapper {}`;

exports[`test text Input  renders without crashing 1`] = `ShallowWrapper {}`;
